1100000001011110110000000000000000000000000000000000000000000000
