0100000001000101000000000000000000000000000000000000000000000000
