0100000001000110000111000010100011110101110000101000111101011100
