1011111111110011101011100001010001111010111000010100011110101110
