1My2Str3ING wIth S4paces
1. All numbers in front in the same order
1234MyStrING wIth Spaces
