MyStrING wIth Spaces
5. All letters to lower case
mystring with spaces
