1If 2you 3wanna 4be 5my 6friend, 7put 8my 9dick 10in 11your 12hand
1. All numbers in front in the same order
123456789101112If you wanna be my friend, put my dick in your hand
