Say your prayers, little one. Don't forget, my son, to include everyone.
